
> client@0.1.0 build
> next build

Ôû▓ Next.js 16.1.6 (Turbopack)
- Environments: .env.local

  Creating an optimized production build ...
Ô£ô Compiled successfully in 3.7s
  Running TypeScript ...
node.exe : Failed to co
mpile.
At line:1 char:1
+ & "C:\Program Files\n
odejs/node.exe" "C:\Pro
gram Files\nodejs/node_
mo ...
+ ~~~~~~~~~~~~~~~~~~~~~
~~~~~~~~~~~~~~~~~~~~~~~
~~~~~~~~~~~~~~~~~~~~~~~
~~
    + CategoryInfo     
         : NotSpecifi  
  ed: (Failed to com   
 pile.:String) [],     
RemoteException
    + FullyQualifiedEr 
   rorId : NativeComm  
  andError
 

./src/app/admin/layout.
tsx:39:18
Type error: Cannot find
 name 'token'.

[0m [90m 37 |[39m
 [90m 38 |[39m       
  [36mconst[39m check
Admin [33m=[39m [36m
async[39m () [33m=>[
39m {
[31m[1m>[22m[39m[9
0m 39 |[39m           
  [36mif[39m ([33m!
[39mtoken) {
 [90m    |[39m       
           [31m[1m^[
22m[39m
 [90m 40 |[39m       
          router[33m.
[39mpush([32m'/admin/l
ogin'[39m)[33m;[39m
 [90m 41 |[39m       
          [36mreturn[
39m[33m;[39m
 [90m 42 |[39m       
      }[0m
Next.js build worker ex
ited with code: 1 and s
ignal: null
